// Jest Snapshot v1, https://goo.gl/fbAQLP

exports[`Testing Home component should render as expected 1`] = `
<section
  id="landing"
>
  <Banner
    token=""
  />
  <div
    className="container"
  >
    <HomeBody />
    <hr />
    <HomeFooter
      token=""
    />
  </div>
</section>
`;
