// Jest Snapshot v1, https://goo.gl/fbAQLP

exports[`Testing Loading component should render as expected 1`] = `
<Dimmer
  active={false}
  page={true}
>
  <Loader
    size="medium"
  />
</Dimmer>
`;
